 idle counter in irc: 0 Заход в CU

-------------CacheGet miss-------------

index IN MISS = -1
Пропуск CU  idle counter = 9
index = 0
Пропуск CU  idle counter = 8
index = 0
Пропуск CU  idle counter = 7
index = 0
Пропуск CU  idle counter = 6
index = 0
Пропуск CU  idle counter = 5
index = 0
Пропуск CU  idle counter = 4
index = 0
Пропуск CU  idle counter = 3
index = 0
Пропуск CU  idle counter = 2
index = 0
Пропуск CU  idle counter = 1
index = 0
 idle counter in irc: 0 Заход в CU

-------------CacheGet miss-------------

index IN MISS = 0
Пропуск CU  idle counter = 9
index = 1
Пропуск CU  idle counter = 8
index = 1
Пропуск CU  idle counter = 7
index = 1
Пропуск CU  idle counter = 6
index = 1
Пропуск CU  idle counter = 5
index = 1
Пропуск CU  idle counter = 4
index = 1
Пропуск CU  idle counter = 3
index = 1
Пропуск CU  idle counter = 2
index = 1
Пропуск CU  idle counter = 1
index = 1
 idle counter in irc: 0 Заход в CU
 idle counter in irc: 0 Заход в CU
 idle counter in irc: 0 Заход в CU
 idle counter in irc: 0 Заход в CU
 idle counter in irc: 0 Заход в CU
 idle counter in irc: 0 Заход в CU
 idle counter in irc: 0 Заход в CU
 idle counter in irc: 0 Заход в CU
 idle counter in irc: 0 Заход в CU
 idle counter in irc: 0 Заход в CU
 idle counter in irc: 0 Заход в CU

-------------CacheGet miss-------------

index IN MISS = 0
Пропуск CU  idle counter = 9
index = 2
Пропуск CU  idle counter = 8
index = 2
Пропуск CU  idle counter = 7
index = 2
Пропуск CU  idle counter = 6
index = 2
Пропуск CU  idle counter = 5
index = 2
Пропуск CU  idle counter = 4
index = 2
Пропуск CU  idle counter = 3
index = 2
Пропуск CU  idle counter = 2
index = 2
Пропуск CU  idle counter = 1
index = 2
 idle counter in irc: 0 Заход в CU
 idle counter in irc: 0 Заход в CU
 idle counter in irc: 0 Заход в CU
 idle counter in irc: 0 Заход в CU
 idle counter in irc: 0 Заход в CU
 idle counter in irc: 0 Заход в CU
 idle counter in irc: 0 Заход в CU
 idle counter in irc: 0 Заход в CU
 idle counter in irc: 0 Заход в CU
 idle counter in irc: 0 Заход в CU
 idle counter in irc: 0 Заход в CU
 idle counter in irc: 0 Заход в CU
 idle counter in irc: 0 Заход в CU
 idle counter in irc: 0 Заход в CU
 idle counter in irc: 0 Заход в CU
 idle counter in irc: 0 Заход в CU
 idle counter in irc: 0 Заход в CU
 idle counter in irc: 0 Заход в CU
 idle counter in irc: 0 Заход в CU
 idle counter in irc: 0 Заход в CU
 idle counter in irc: 0 Заход в CU
 idle counter in irc: 0 Заход в CU
 idle counter in irc: 0 Заход в CU
 idle counter in irc: 0 Заход в CU
 idle counter in irc: 0 Заход в CU
 idle counter in irc: 0 Заход в CU
 idle counter in irc: 0 Заход в CU
 idle counter in irc: 0 Заход в CU
 idle counter in irc: 0 Заход в CU
 idle counter in irc: 0 Заход в CU
 idle counter in irc: 0 Заход в CU
 idle counter in irc: 0 Заход в CU
 idle counter in irc: 0 Заход в CU
 idle counter in irc: 0 Заход в CU
 idle counter in irc: 0 Заход в CU
 idle counter in irc: 0 Заход в CU
 idle counter in irc: 0 Заход в CU
 idle counter in irc: 0 Заход в CU
 idle counter in irc: 0 Заход в CU
 idle counter in irc: 0 Заход в CU
 idle counter in irc: 0 Заход в CU
 idle counter in irc: 0 Заход в CU
 idle counter in irc: 0 Заход в CU
 idle counter in irc: 0 Заход в CU
 idle counter in irc: 0 Заход в CU
